>// Copyright 2022 The Chromium Authors. All rights reserved.                    // Line 1
#^^^^^^^^^^^^^^^^^^^^^^^^^^^^^^^^^^^^^^^^^^^^^^^^^^^^^^^^^^^^ comment.line.double-slash.dart
>// Use of this source code is governed by a BSD-style license that can be       // Line 2
#^^^^^^^^^^^^^^^^^^^^^^^^^^^^^^^^^^^^^^^^^^^^^^^^^^^^^^^^^^^^^^^^^^^^^^^^^ comment.line.double-slash.dart
>// found in the LICENSE file.                                                   // Line 3
#^^^^^^^^^^^^^^^^^^^^^^^^^^^^^ comment.line.double-slash.dart
>
>/// Multiline dartdoc comment with triple backticks.                            // Line 5
#^^^^^^^^^^^^^^^^^^^^^^^^^^^^^^^^^^^^^^^^^^^^^^^^^^^^ comment.block.documentation.dart
>///                                                                             // Line 6
#^^^ comment.block.documentation.dart
>/// ```                                                                         // Line 7
#^^^^^^^ comment.block.documentation.dart
>/// code                                                                        // Line 8
#^^^^ comment.block.documentation.dart
#    ^^^^ comment.block.documentation.dart variable.other.source.dart
>/// ```                                                                         // Line 9
#^^^^^^^ comment.block.documentation.dart
>///                                                                             // Line 10
#^^^ comment.block.documentation.dart
>/// ...                                                                         // Line 11
#^^^^^^^ comment.block.documentation.dart
>var doc1;                                                                       // Line 12
#^^^ storage.type.primitive.dart
#        ^ punctuation.terminator.dart
>
>/// Multiline dartdoc comment with unclosed triple backticks.                   // Line 14
#^^^^^^^^^^^^^^^^^^^^^^^^^^^^^^^^^^^^^^^^^^^^^^^^^^^^^^^^^^^^^ comment.block.documentation.dart
>///                                                                             // Line 15
#^^^ comment.block.documentation.dart
>/// ```                                                                         // Line 16
#^^^^^^^ comment.block.documentation.dart
>/// code                                                                        // Line 17
#^^^^ comment.block.documentation.dart
#    ^^^^ comment.block.documentation.dart variable.other.source.dart
>var doc2;                                                                       // Line 18
#^^^ storage.type.primitive.dart
#        ^ punctuation.terminator.dart
>
>/// Multiline dartdoc comment with unclosed backticks.                          // Line 20
#^^^^^^^^^^^^^^^^^^^^^^^^^^^^^^^^^^^^^^^^^^^^^^^^^^^^^^ comment.block.documentation.dart
>///                                                                             // Line 21
#^^^ comment.block.documentation.dart
>/// `code                                                                       // Line 22
#^^^^^^^^^ comment.block.documentation.dart
>var doc3;                                                                       // Line 23
#^^^ storage.type.primitive.dart
#        ^ punctuation.terminator.dart
>
>/// Multiline dartdoc comment with indented code.                               // Line 25
#^^^^^^^^^^^^^^^^^^^^^^^^^^^^^^^^^^^^^^^^^^^^^^^^^ comment.block.documentation.dart
>///                                                                             // Line 26
#^^^ comment.block.documentation.dart
>///    notcode                                                                  // Line 27
#^^^^^^^^^^^^^^ comment.block.documentation.dart
>///                                                                             // Line 28
#^^^ comment.block.documentation.dart
>///     code1                                                                   // Line 29
#^^^^^^^^ comment.block.documentation.dart
#        ^^^^^ comment.block.documentation.dart variable.other.source.dart
>///     code2                                                                   // Line 30
#^^^^^^^^ comment.block.documentation.dart
#        ^^^^^ comment.block.documentation.dart variable.other.source.dart
>///                                                                             // Line 31
#^^^ comment.block.documentation.dart
>///     code3                                                                   // Line 32
#^^^^^^^^ comment.block.documentation.dart
#        ^^^^^ comment.block.documentation.dart variable.other.source.dart
>///                                                                             // Line 33
#^^^ comment.block.documentation.dart
>/// ...                                                                         // Line 34
#^^^^^^^ comment.block.documentation.dart
>var doc4;                                                                       // Line 35
#^^^ storage.type.primitive.dart
#        ^ punctuation.terminator.dart
>
>/** Block dartdoc comment with triple backticks.                                // Line 37
#^^^^^^^^^^^^^^^^^^^^^^^^^^^^^^^^^^^^^^^^^^^^^^^^ comment.block.documentation.dart
> *                                                                              // Line 38
#^^ comment.block.documentation.dart
> * ```                                                                          // Line 39
#^^^^^^ comment.block.documentation.dart
> * code                                                                         // Line 40
#^^^ comment.block.documentation.dart
#   ^^^^ comment.block.documentation.dart variable.other.source.dart
> * ```                                                                          // Line 41
#^^^^^^ comment.block.documentation.dart
> *                                                                              // Line 42
#^^ comment.block.documentation.dart
> * ...                                                                          // Line 43
#^^^^^^ comment.block.documentation.dart
> */                                                                             // Line 44
#^^^ comment.block.documentation.dart
>var blockDoc1;                                                                  // Line 45
#^^^ storage.type.primitive.dart
#             ^ punctuation.terminator.dart
>
>/** Block dartdoc comment with unclosed triple backticks.                       // Line 47
#^^^^^^^^^^^^^^^^^^^^^^^^^^^^^^^^^^^^^^^^^^^^^^^^^^^^^^^^^ comment.block.documentation.dart
> *                                                                              // Line 48
#^^ comment.block.documentation.dart
> * ```                                                                          // Line 49
#^^^^^^ comment.block.documentation.dart
> * code                                                                         // Line 50
#^^^ comment.block.documentation.dart
#   ^^^^ comment.block.documentation.dart variable.other.source.dart
> */                                                                             // Line 51
#^^^ comment.block.documentation.dart
>var blockDoc2;                                                                  // Line 52
#^^^ storage.type.primitive.dart
#             ^ punctuation.terminator.dart
>
>/** Block dartdoc comment with unclosed backticks.                              // Line 54
#^^^^^^^^^^^^^^^^^^^^^^^^^^^^^^^^^^^^^^^^^^^^^^^^^^ comment.block.documentation.dart
> *                                                                              // Line 55
#^^ comment.block.documentation.dart
> * `code                                                                        // Line 56
#^^^^^^^^ comment.block.documentation.dart
> */                                                                             // Line 57
#^^^ comment.block.documentation.dart
>var blockDoc3;                                                                  // Line 58
#^^^ storage.type.primitive.dart
#             ^ punctuation.terminator.dart
>
>/** Block dartdoc comment with indented code.                                   // Line 60
#^^^^^^^^^^^^^^^^^^^^^^^^^^^^^^^^^^^^^^^^^^^^^ comment.block.documentation.dart
> *                                                                              // Line 61
#^^ comment.block.documentation.dart
> *    notcode                                                                   // Line 62
#^^^^^^^^^^^^^ comment.block.documentation.dart
> *                                                                              // Line 63
#^^ comment.block.documentation.dart
> *     code1                                                                    // Line 64
#^^^^^^^ comment.block.documentation.dart
#       ^^^^^ comment.block.documentation.dart variable.other.source.dart
> *     code2                                                                    // Line 65
#^^^^^^^ comment.block.documentation.dart
#       ^^^^^ comment.block.documentation.dart variable.other.source.dart
> *                                                                              // Line 66
#^^ comment.block.documentation.dart
> *     code3                                                                    // Line 67
#^^^^^^^ comment.block.documentation.dart
#       ^^^^^ comment.block.documentation.dart variable.other.source.dart
> *                                                                              // Line 68
#^^ comment.block.documentation.dart
> * ...                                                                          // Line 69
#^^^^^^ comment.block.documentation.dart
> */                                                                             // Line 70
#^^^ comment.block.documentation.dart
>var blockDoc4;                                                                  // Line 71
#^^^ storage.type.primitive.dart
#             ^ punctuation.terminator.dart
>
>/// ``                                                                          // Line 73
#^^^^^^ comment.block.documentation.dart
>var noInlineCode;                                                               // Line 74
#^^^ storage.type.primitive.dart
#                ^ punctuation.terminator.dart
>
>/// `Stream<int>`                                                               // Line 76
#^^^^ comment.block.documentation.dart
#    ^^^^^^^^^^^^^ comment.block.documentation.dart variable.other.source.dart
>var inlineCode;                                                                 // Line 77
#^^^ storage.type.primitive.dart
#              ^ punctuation.terminator.dart
>
>/// ` `                                                                         // Line 79
#^^^^ comment.block.documentation.dart
#    ^^^ comment.block.documentation.dart variable.other.source.dart
>var inlineCodeJustWhitespace;                                                   // Line 80
#^^^ storage.type.primitive.dart
#                            ^ punctuation.terminator.dart
>
>/*                                                                              // Line 82
#^^ comment.block.dart
> * Old-style dartdoc                                                            // Line 83
#^^^^^^^^^^^^^^^^^^^^ comment.block.dart
> *                                                                              // Line 84
#^^ comment.block.dart
> * ...                                                                          // Line 85
#^^^^^^ comment.block.dart
> */                                                                             // Line 86
#^^^ comment.block.dart
>var b;                                                                          // Line 87
#^^^ storage.type.primitive.dart
#     ^ punctuation.terminator.dart
>
>/* Inline block comment */                                                      // Line 89
#^^^^^^^^^^^^^^^^^^^^^^^^^^ comment.block.dart
>var c;                                                                          // Line 90
#^^^ storage.type.primitive.dart
#     ^ punctuation.terminator.dart
>
>/**                                                                             // Line 92
#^^^ comment.block.documentation.dart
> * Nested block                                                                 // Line 93
#^^^^^^^^^^^^^^^ comment.block.documentation.dart
> *                                                                              // Line 94
#^^ comment.block.documentation.dart
> * /**                                                                          // Line 95
#^^^^^^ comment.block.documentation.dart
> *  * Nested block                                                              // Line 96
#^^^^^^^^^^^^^^^^^^ comment.block.documentation.dart
> *  */                                                                          // Line 97
#^^^^^^ comment.block.documentation.dart
> */                                                                             // Line 98
#^^^ comment.block.documentation.dart
>var d;                                                                          // Line 99
#^^^ storage.type.primitive.dart
#     ^ punctuation.terminator.dart
>
>/**                                                                             // Line 101
#^^^ comment.block.documentation.dart
> *   /**                                                                        // Line 102
#^^^^^^^^ comment.block.documentation.dart
> *    * bbb                                                                     // Line 103
#^^^^^^^^^^^ comment.block.documentation.dart
> *    */                                                                        // Line 104
#^^^^^^^^ comment.block.documentation.dart
> */                                                                             // Line 105
#^^^ comment.block.documentation.dart
>var d2;                                                                         // Line 106
#^^^ storage.type.primitive.dart
#      ^ punctuation.terminator.dart
>
>/**                                                                             // Line 108
#^^^ comment.block.documentation.dart
> * Nested                                                                       // Line 109
#^^^^^^^^^ comment.block.documentation.dart
> *                                                                              // Line 110
#^^ comment.block.documentation.dart
> * /* Inline */                                                                 // Line 111
#^^^ comment.block.documentation.dart
#   ^^^^^^^^^^^^ comment.block.documentation.dart comment.block.dart
> */                                                                             // Line 112
#^^^ comment.block.documentation.dart
>var e;                                                                          // Line 113
#^^^ storage.type.primitive.dart
#     ^ punctuation.terminator.dart
>
>/* Nested /* Inline */ */                                                       // Line 115
#^^^^^^^^^^^^^^^^^^^^^^^^^ comment.block.dart
>var f;                                                                          // Line 116
#^^^ storage.type.primitive.dart
#     ^ punctuation.terminator.dart
>
>// Simple comment                                                               // Line 118
#^^^^^^^^^^^^^^^^^ comment.line.double-slash.dart
>var g;                                                                          // Line 119
#^^^ storage.type.primitive.dart
#     ^ punctuation.terminator.dart
>
>/// Dartdoc with reference to [a].                                              // Line 121
#^^^^^^^^^^^^^^^^^^^^^^^^^^^^^^ comment.block.documentation.dart
#                              ^^^ comment.block.documentation.dart variable.name.source.dart
#                                 ^ comment.block.documentation.dart
>/// And a link to [example.org](http://example.org/).                           // Line 122
#^^^^^^^^^^^^^^^^^^ comment.block.documentation.dart
#                  ^^^^^^^^^^^^^ comment.block.documentation.dart variable.name.source.dart
#                               ^^^^^^^^^^^^^^^^^^^^^^ comment.block.documentation.dart
>var h;                                                                          // Line 123
#^^^ storage.type.primitive.dart
#     ^ punctuation.terminator.dart
>
>class A<T /* comment */ > {                                                     // Line 125
#^^^^^ keyword.declaration.dart
#      ^ support.class.dart
#       ^ other.source.dart
#        ^ support.class.dart
#          ^^^^^^^^^^^^^ comment.block.dart
#                        ^ other.source.dart
>  void b<T /* comment */ >() {}                                                 // Line 126
#  ^^^^ storage.type.primitive.dart
#        ^ keyword.operator.comparison.dart
#         ^ support.class.dart
#           ^^^^^^^^^^^^^ comment.block.dart
#                         ^ keyword.operator.comparison.dart
>  Future<T /* comment */ > c() {}                                               // Line 127
#  ^^^^^^ support.class.dart
#        ^ other.source.dart
#         ^ support.class.dart
#           ^^^^^^^^^^^^^ comment.block.dart
#                         ^ other.source.dart
#                           ^ entity.name.function.dart
>}                                                                               // Line 128
