>// Copyright 2022 The Chromium Authors. All rights reserved.
#^^^^^^^^^^^^^^^^^^^^^^^^^^^^^^^^^^^^^^^^^^^^^^^^^^^^^^^^^^^^ comment.line.double-slash.dart
>// Use of this source code is governed by a BSD-style license that can be
#^^^^^^^^^^^^^^^^^^^^^^^^^^^^^^^^^^^^^^^^^^^^^^^^^^^^^^^^^^^^^^^^^^^^^^^^^ comment.line.double-slash.dart
>// found in the LICENSE file.
#^^^^^^^^^^^^^^^^^^^^^^^^^^^^^ comment.line.double-slash.dart
>
>/// Multiline dartdoc comment with triple backticks.
#^^^^^^^^^^^^^^^^^^^^^^^^^^^^^^^^^^^^^^^^^^^^^^^^^^^^ comment.block.documentation.dart
>///
#^^^ comment.block.documentation.dart
>/// ```
#^^^^^^^ comment.block.documentation.dart
>/// code
#^^^ comment.block.documentation.dart
#   ^^^^^ comment.block.documentation.dart variable.other.source.dart
>/// ```
#^^^ comment.block.documentation.dart
#   ^ comment.block.documentation.dart variable.other.source.dart
#    ^^^ comment.block.documentation.dart
>///
#^^^ comment.block.documentation.dart
>/// ...
#^^^^^^^ comment.block.documentation.dart
>var doc1;
#^^^ storage.type.primitive.dart
#        ^ punctuation.terminator.dart
>
>/// Multiline dartdoc comment with unclosed triple backticks.
#^^^^^^^^^^^^^^^^^^^^^^^^^^^^^^^^^^^^^^^^^^^^^^^^^^^^^^^^^^^^^ comment.block.documentation.dart
>///
#^^^ comment.block.documentation.dart
>/// ```
#^^^^^^^ comment.block.documentation.dart
>/// code
#^^^ comment.block.documentation.dart
#   ^^^^^ comment.block.documentation.dart variable.other.source.dart
>var doc2;
#^^^ storage.type.primitive.dart
#        ^ punctuation.terminator.dart
>
>/// Multiline dartdoc comment with unclosed backticks.
#^^^^^^^^^^^^^^^^^^^^^^^^^^^^^^^^^^^^^^^^^^^^^^^^^^^^^^ comment.block.documentation.dart
>///
#^^^ comment.block.documentation.dart
>/// `code
#^^^^^^^^^ comment.block.documentation.dart
>var doc3;
#^^^ storage.type.primitive.dart
#        ^ punctuation.terminator.dart
>
>/// Multiline dartdoc comment with indented code.
#^^^^^^^^^^^^^^^^^^^^^^^^^^^^^^^^^^^^^^^^^^^^^^^^^ comment.block.documentation.dart
>///
#^^^ comment.block.documentation.dart
>///     code1
#^^^^^^^^^^^^^ comment.block.documentation.dart
>///     code2
#^^^^^^^^^^^^^ comment.block.documentation.dart
>///
#^^^ comment.block.documentation.dart
>///     code3
#^^^^^^^^^^^^^ comment.block.documentation.dart
>///
#^^^ comment.block.documentation.dart
>/// ...
#^^^^^^^ comment.block.documentation.dart
>var doc4;
#^^^ storage.type.primitive.dart
#        ^ punctuation.terminator.dart
>
>/** Block dartdoc comment with triple backticks.
#^^^^^^^^^^^^^^^^^^^^^^^^^^^^^^^^^^^^^^^^^^^^^^^^ comment.block.documentation.dart
> *
#^^ comment.block.documentation.dart
> * ```
#^^^^^^ comment.block.documentation.dart
> * code
#^^^^^^^ comment.block.documentation.dart variable.other.source.dart
> * ```
#^^^ comment.block.documentation.dart variable.other.source.dart
#   ^^^ comment.block.documentation.dart
> *
#^^ comment.block.documentation.dart
> * ...
#^^^^^^ comment.block.documentation.dart
> */
#^^^ comment.block.documentation.dart
>var blockDoc1;
#^^^ storage.type.primitive.dart
#             ^ punctuation.terminator.dart
>
>/** Block dartdoc comment with unclosed triple backticks.
#^^^^^^^^^^^^^^^^^^^^^^^^^^^^^^^^^^^^^^^^^^^^^^^^^^^^^^^^^ comment.block.documentation.dart
> *
#^^ comment.block.documentation.dart
> * ```
#^^^^^^ comment.block.documentation.dart
> * code
#^^^^^^^ comment.block.documentation.dart variable.other.source.dart
> */
#^^^ comment.block.documentation.dart variable.other.source.dart
>var blockDoc2;
#^^^^^^^^^^^^^^ comment.block.documentation.dart variable.other.source.dart
>
>/** Block dartdoc comment with unclosed backticks.
#^^^^^^^^^^^^^^^^^^^^^^^^^^^^^^^^^^^^^^^^^^^^^^^^^^ comment.block.documentation.dart variable.other.source.dart
> *
#^^ comment.block.documentation.dart variable.other.source.dart
> * `code
#^^^^^^^^ comment.block.documentation.dart variable.other.source.dart
> */
#^^^ comment.block.documentation.dart variable.other.source.dart
>var blockDoc3;
#^^^^^^^^^^^^^^ comment.block.documentation.dart variable.other.source.dart
>
>/** Block dartdoc comment with indented code.
#^^^^^^^^^^^^^^^^^^^^^^^^^^^^^^^^^^^^^^^^^^^^^ comment.block.documentation.dart variable.other.source.dart
> *
#^^ comment.block.documentation.dart variable.other.source.dart
> *     code1
#^^^^^^^^^^^^ comment.block.documentation.dart variable.other.source.dart
> *     code2
#^^^^^^^^^^^^ comment.block.documentation.dart variable.other.source.dart
> *
#^^ comment.block.documentation.dart variable.other.source.dart
> *     code3
#^^^^^^^^^^^^ comment.block.documentation.dart variable.other.source.dart
> *
#^^ comment.block.documentation.dart variable.other.source.dart
> * ...
#^^^^^^ comment.block.documentation.dart variable.other.source.dart
> */
#^^^ comment.block.documentation.dart variable.other.source.dart
>var blockDoc4;
#^^^^^^^^^^^^^^ comment.block.documentation.dart variable.other.source.dart
>
>/// ``
#^^^^^^ comment.block.documentation.dart variable.other.source.dart
>var noInlineCode;
#^^^^^^^^^^^^^^^^^ comment.block.documentation.dart variable.other.source.dart
>
>/// `Stream<int>`
#^^^^^^^^^^^^^^^^^ comment.block.documentation.dart variable.other.source.dart
>var inlineCode;
#^^^^^^^^^^^^^^^ comment.block.documentation.dart variable.other.source.dart
>
>/// ` `
#^^^^^^^ comment.block.documentation.dart variable.other.source.dart
>var inlineCodeJustWhitespace;
#^^^^^^^^^^^^^^^^^^^^^^^^^^^^^ comment.block.documentation.dart variable.other.source.dart
>
>/*
#^^ comment.block.documentation.dart variable.other.source.dart
> * Old-style dartdoc
#^^^^^^^^^^^^^^^^^^^^ comment.block.documentation.dart variable.other.source.dart
> *
#^^ comment.block.documentation.dart variable.other.source.dart
> * ...
#^^^^^^ comment.block.documentation.dart variable.other.source.dart
> */
#^^^ comment.block.documentation.dart variable.other.source.dart
>var b;
#^^^^^^ comment.block.documentation.dart variable.other.source.dart
>
>/* Inline block comment */
#^^^^^^^^^^^^^^^^^^^^^^^^^^ comment.block.documentation.dart variable.other.source.dart
>var c;
#^^^^^^ comment.block.documentation.dart variable.other.source.dart
>
>/**
#^^^ comment.block.documentation.dart variable.other.source.dart
> * Nested block
#^^^^^^^^^^^^^^^ comment.block.documentation.dart variable.other.source.dart
> *
#^^ comment.block.documentation.dart variable.other.source.dart
> * /**
#^^^^^^ comment.block.documentation.dart variable.other.source.dart
> *  * Nested block
#^^^^^^^^^^^^^^^^^^ comment.block.documentation.dart variable.other.source.dart
> *  */
#^^^^^^ comment.block.documentation.dart variable.other.source.dart
> */
#^^^ comment.block.documentation.dart variable.other.source.dart
>var d;
#^^^^^^ comment.block.documentation.dart variable.other.source.dart
>
>/**
#^^^ comment.block.documentation.dart variable.other.source.dart
> * Nested
#^^^^^^^^^ comment.block.documentation.dart variable.other.source.dart
> *
#^^ comment.block.documentation.dart variable.other.source.dart
> * /* Inline */
#^^^^^^^^^^^^^^^ comment.block.documentation.dart variable.other.source.dart
> */
#^^^ comment.block.documentation.dart variable.other.source.dart
>var e;
#^^^^^^ comment.block.documentation.dart variable.other.source.dart
>
>/* Nested /* Inline */ */
#^^^^^^^^^^^^^^^^^^^^^^^^^ comment.block.documentation.dart variable.other.source.dart
>var f;
#^^^^^^ comment.block.documentation.dart variable.other.source.dart
>
>// Simple comment
#^^^^^^^^^^^^^^^^^ comment.block.documentation.dart variable.other.source.dart
>var g;
#^^^^^^ comment.block.documentation.dart variable.other.source.dart
>
>/// Dartdoc with reference to [a].
#^^^^^^^^^^^^^^^^^^^^^^^^^^^^^^^^^^ comment.block.documentation.dart variable.other.source.dart
>/// And a link to [example.org](http://example.org/).
#^^^^^^^^^^^^^^^^^^^^^^^^^^^^^^^^^^^^^^^^^^^^^^^^^^^^^ comment.block.documentation.dart variable.other.source.dart
>var h;
#^^^^^^ comment.block.documentation.dart variable.other.source.dart
>
>class A<T /* comment */ > {
#^^^^^^^^^^^^^^^^^^^^^^^^^^^ comment.block.documentation.dart variable.other.source.dart
>  void b<T /* comment */ >() {}
#^^^^^^^^^^^^^^^^^^^^^^^^^^^^^^^ comment.block.documentation.dart variable.other.source.dart
>  Future<T /* comment */ > c() {}
#^^^^^^^^^^^^^^^^^^^^^^^^^^^^^^^^^ comment.block.documentation.dart variable.other.source.dart
>}
#^ comment.block.documentation.dart variable.other.source.dart
