>// Copyright 2022 The Chromium Authors. All rights reserved.                    // Line 1
#^^^^^^^^^^^^^^^^^^^^^^^^^^^^^^^^^^^^^^^^^^^^^^^^^^^^^^^^^^^^ comment.line.double-slash.dart
>// Use of this source code is governed by a BSD-style license that can be       // Line 2
#^^^^^^^^^^^^^^^^^^^^^^^^^^^^^^^^^^^^^^^^^^^^^^^^^^^^^^^^^^^^^^^^^^^^^^^^^ comment.line.double-slash.dart
>// found in the LICENSE file.                                                   // Line 3
#^^^^^^^^^^^^^^^^^^^^^^^^^^^^^ comment.line.double-slash.dart
>
>void simplePrint() {                                                            // Line 5
#^^^^ storage.type.primitive.dart
#     ^^^^^^^^^^^ entity.name.function.dart
>  print('hello world');                                                         // Line 6
#  ^^^^^ entity.name.function.dart
#        ^^^^^^^^^^^^^ string.interpolated.single.dart
#                      ^ punctuation.terminator.dart
>}                                                                               // Line 7
>
>noReturnValue() {                                                               // Line 9
#^^^^^^^^^^^^^ entity.name.function.dart
>  print('hello world');                                                         // Line 10
#  ^^^^^ entity.name.function.dart
#        ^^^^^^^^^^^^^ string.interpolated.single.dart
#                      ^ punctuation.terminator.dart
>}                                                                               // Line 11
>
>void returns() {                                                                // Line 13
#^^^^ storage.type.primitive.dart
#     ^^^^^^^ entity.name.function.dart
>  return;                                                                       // Line 14
#  ^^^^^^ keyword.control.return.dart
#        ^ punctuation.terminator.dart
>}                                                                               // Line 15
>
>Future<void> asyncPrint() async {                                               // Line 17
#^^^^^^ support.class.dart
#      ^ other.source.dart
#       ^^^^ storage.type.primitive.dart
#           ^ other.source.dart
#             ^^^^^^^^^^ entity.name.function.dart
#                          ^^^^^ keyword.control.dart
>  await Future.delayed(const Duration(seconds: 1));                             // Line 18
#  ^^^^^ keyword.control.dart
#        ^^^^^^ support.class.dart
#              ^ punctuation.dot.dart
#               ^^^^^^^ entity.name.function.dart
#                       ^^^^^ storage.modifier.dart
#                             ^^^^^^^^ support.class.dart
#                                             ^ keyword.operator.ternary.dart
#                                               ^ constant.numeric.dart
#                                                  ^ punctuation.terminator.dart
>  print('hello world');                                                         // Line 19
#  ^^^^^ entity.name.function.dart
#        ^^^^^^^^^^^^^ string.interpolated.single.dart
#                      ^ punctuation.terminator.dart
>}                                                                               // Line 20
>
>Map<T1, List<T2>> nestedGenerics<T1, T2 extends String>() {                     // Line 22
#^^^ support.class.dart
#   ^ other.source.dart
#    ^^ support.class.dart
#        ^^^^ support.class.dart
#            ^ other.source.dart
#             ^^ support.class.dart
#               ^^ other.source.dart
#                  ^^^^^^^^^^^^^^ entity.name.function.dart
#                                ^ other.source.dart
#                                 ^^ support.class.dart
#                                     ^^ support.class.dart
#                                        ^^^^^^^ keyword.declaration.dart
#                                                ^^^^^^ support.class.dart
#                                                      ^ other.source.dart
>  return {};                                                                    // Line 23
#  ^^^^^^ keyword.control.return.dart
#           ^ punctuation.terminator.dart
>}                                                                               // Line 24
>
>Iterable<String> syncYield() sync* {                                            // Line 26
#^^^^^^^^ support.class.dart
#        ^ other.source.dart
#         ^^^^^^ support.class.dart
#               ^ other.source.dart
#                 ^^^^^^^^^ entity.name.function.dart
#                             ^^^^ keyword.control.dart
#                                 ^ keyword.operator.arithmetic.dart
>  yield '';                                                                     // Line 27
#  ^^^^^ keyword.control.dart
#        ^^ string.interpolated.single.dart
#          ^ punctuation.terminator.dart
>}                                                                               // Line 28
>
>Iterable<String> syncYieldStar() sync* {                                        // Line 30
#^^^^^^^^ support.class.dart
#        ^ other.source.dart
#         ^^^^^^ support.class.dart
#               ^ other.source.dart
#                 ^^^^^^^^^^^^^ entity.name.function.dart
#                                 ^^^^ keyword.control.dart
#                                     ^ keyword.operator.arithmetic.dart
>  yield* syncYield();                                                           // Line 31
#  ^^^^^ keyword.control.dart
#       ^ keyword.operator.arithmetic.dart
#         ^^^^^^^^^ entity.name.function.dart
#                    ^ punctuation.terminator.dart
>}                                                                               // Line 32
>
>Stream<String> asyncYield() async* {                                            // Line 34
#^^^^^^ support.class.dart
#      ^ other.source.dart
#       ^^^^^^ support.class.dart
#             ^ other.source.dart
#               ^^^^^^^^^^ entity.name.function.dart
#                            ^^^^^ keyword.control.dart
#                                 ^ keyword.operator.arithmetic.dart
>  await Future.delayed(const Duration(seconds: 1));                             // Line 35
#  ^^^^^ keyword.control.dart
#        ^^^^^^ support.class.dart
#              ^ punctuation.dot.dart
#               ^^^^^^^ entity.name.function.dart
#                       ^^^^^ storage.modifier.dart
#                             ^^^^^^^^ support.class.dart
#                                             ^ keyword.operator.ternary.dart
#                                               ^ constant.numeric.dart
#                                                  ^ punctuation.terminator.dart
>  yield '';                                                                     // Line 36
#  ^^^^^ keyword.control.dart
#        ^^ string.interpolated.single.dart
#          ^ punctuation.terminator.dart
>}                                                                               // Line 37
>
>Stream<String> asyncYieldStar() async* {                                        // Line 39
#^^^^^^ support.class.dart
#      ^ other.source.dart
#       ^^^^^^ support.class.dart
#             ^ other.source.dart
#               ^^^^^^^^^^^^^^ entity.name.function.dart
#                                ^^^^^ keyword.control.dart
#                                     ^ keyword.operator.arithmetic.dart
>  await Future.delayed(const Duration(seconds: 1));                             // Line 40
#  ^^^^^ keyword.control.dart
#        ^^^^^^ support.class.dart
#              ^ punctuation.dot.dart
#               ^^^^^^^ entity.name.function.dart
#                       ^^^^^ storage.modifier.dart
#                             ^^^^^^^^ support.class.dart
#                                             ^ keyword.operator.ternary.dart
#                                               ^ constant.numeric.dart
#                                                  ^ punctuation.terminator.dart
>  yield* asyncYield();                                                          // Line 41
#  ^^^^^ keyword.control.dart
#       ^ keyword.operator.arithmetic.dart
#         ^^^^^^^^^^ entity.name.function.dart
#                     ^ punctuation.terminator.dart
>}                                                                               // Line 42
>
>T foo<T extends String>(String a) => throw UnimplementedError();                // Line 44
#^ support.class.dart
#  ^^^ entity.name.function.dart
#     ^ other.source.dart
#      ^ support.class.dart
#        ^^^^^^^ keyword.declaration.dart
#                ^^^^^^ support.class.dart
#                      ^ other.source.dart
#                        ^^^^^^ support.class.dart
#                                  ^^ keyword.operator.closure.dart
#                                     ^^^^^ keyword.control.catch-exception.dart
#                                           ^^^^^^^^^^^^^^^^^^ support.class.dart
#                                                               ^ punctuation.terminator.dart
