>// Copyright (c) 2022, the Dart project authors. Please see the AUTHORS file    // Line 1
#^^^^^^^^^^^^^^^^^^^^^^^^^^^^^^^^^^^^^^^^^^^^^^^^^^^^^^^^^^^^^^^^^^^^^^^^^^^^ comment.line.double-slash.dart
>// for details. All rights reserved. Use of this source code is governed by a   // Line 2
#^^^^^^^^^^^^^^^^^^^^^^^^^^^^^^^^^^^^^^^^^^^^^^^^^^^^^^^^^^^^^^^^^^^^^^^^^^^^^ comment.line.double-slash.dart
>// BSD-style license that can be found in the LICENSE file.                     // Line 3
#^^^^^^^^^^^^^^^^^^^^^^^^^^^^^^^^^^^^^^^^^^^^^^^^^^^^^^^^^^^ comment.line.double-slash.dart
>
>const $bool = null;                                                             // Line 5
#^^^^^ storage.modifier.dart
#            ^ keyword.operator.assignment.dart
#              ^^^^ constant.language.dart
#                  ^ punctuation.terminator.dart
>const bool$ = null;                                                             // Line 6
#^^^^^ storage.modifier.dart
#            ^ keyword.operator.assignment.dart
#              ^^^^ constant.language.dart
#                  ^ punctuation.terminator.dart
>const $num = null;                                                              // Line 7
#^^^^^ storage.modifier.dart
#           ^ keyword.operator.assignment.dart
#             ^^^^ constant.language.dart
#                 ^ punctuation.terminator.dart
>const num$ = null;                                                              // Line 8
#^^^^^ storage.modifier.dart
#           ^ keyword.operator.assignment.dart
#             ^^^^ constant.language.dart
#                 ^ punctuation.terminator.dart
>const $int = null;                                                              // Line 9
#^^^^^ storage.modifier.dart
#           ^ keyword.operator.assignment.dart
#             ^^^^ constant.language.dart
#                 ^ punctuation.terminator.dart
>const int$ = null;                                                              // Line 10
#^^^^^ storage.modifier.dart
#           ^ keyword.operator.assignment.dart
#             ^^^^ constant.language.dart
#                 ^ punctuation.terminator.dart
>const $double = null;                                                           // Line 11
#^^^^^ storage.modifier.dart
#              ^ keyword.operator.assignment.dart
#                ^^^^ constant.language.dart
#                    ^ punctuation.terminator.dart
>const double$ = null;                                                           // Line 12
#^^^^^ storage.modifier.dart
#              ^ keyword.operator.assignment.dart
#                ^^^^ constant.language.dart
#                    ^ punctuation.terminator.dart
>const $dynamic = null;                                                          // Line 13
#^^^^^ storage.modifier.dart
#               ^ keyword.operator.assignment.dart
#                 ^^^^ constant.language.dart
#                     ^ punctuation.terminator.dart
>const dynamic$ = null;                                                          // Line 14
#^^^^^ storage.modifier.dart
#               ^ keyword.operator.assignment.dart
#                 ^^^^ constant.language.dart
#                     ^ punctuation.terminator.dart
>const $true = null;                                                             // Line 15
#^^^^^ storage.modifier.dart
#            ^ keyword.operator.assignment.dart
#              ^^^^ constant.language.dart
#                  ^ punctuation.terminator.dart
>const true$ = null;                                                             // Line 16
#^^^^^ storage.modifier.dart
#            ^ keyword.operator.assignment.dart
#              ^^^^ constant.language.dart
#                  ^ punctuation.terminator.dart
>const $false = null;                                                            // Line 17
#^^^^^ storage.modifier.dart
#             ^ keyword.operator.assignment.dart
#               ^^^^ constant.language.dart
#                   ^ punctuation.terminator.dart
>const false$ = null;                                                            // Line 18
#^^^^^ storage.modifier.dart
#             ^ keyword.operator.assignment.dart
#               ^^^^ constant.language.dart
#                   ^ punctuation.terminator.dart
>const $null = null;                                                             // Line 19
#^^^^^ storage.modifier.dart
#            ^ keyword.operator.assignment.dart
#              ^^^^ constant.language.dart
#                  ^ punctuation.terminator.dart
>const null$ = null;                                                             // Line 20
#^^^^^ storage.modifier.dart
#            ^ keyword.operator.assignment.dart
#              ^^^^ constant.language.dart
#                  ^ punctuation.terminator.dart
>const $this = null;                                                             // Line 21
#^^^^^ storage.modifier.dart
#            ^ keyword.operator.assignment.dart
#              ^^^^ constant.language.dart
#                  ^ punctuation.terminator.dart
>const this$ = null;                                                             // Line 22
#^^^^^ storage.modifier.dart
#            ^ keyword.operator.assignment.dart
#              ^^^^ constant.language.dart
#                  ^ punctuation.terminator.dart
>const $super = null;                                                            // Line 23
#^^^^^ storage.modifier.dart
#             ^ keyword.operator.assignment.dart
#               ^^^^ constant.language.dart
#                   ^ punctuation.terminator.dart
>const super$ = null;                                                            // Line 24
#^^^^^ storage.modifier.dart
#             ^ keyword.operator.assignment.dart
#               ^^^^ constant.language.dart
#                   ^ punctuation.terminator.dart
>const $as = null;                                                               // Line 25
#^^^^^ storage.modifier.dart
#          ^ keyword.operator.assignment.dart
#            ^^^^ constant.language.dart
#                ^ punctuation.terminator.dart
>const as$ = null;                                                               // Line 26
#^^^^^ storage.modifier.dart
#          ^ keyword.operator.assignment.dart
#            ^^^^ constant.language.dart
#                ^ punctuation.terminator.dart
>const $try = null;                                                              // Line 27
#^^^^^ storage.modifier.dart
#           ^ keyword.operator.assignment.dart
#             ^^^^ constant.language.dart
#                 ^ punctuation.terminator.dart
>const try$ = null;                                                              // Line 28
#^^^^^ storage.modifier.dart
#           ^ keyword.operator.assignment.dart
#             ^^^^ constant.language.dart
#                 ^ punctuation.terminator.dart
>const $on = null;                                                               // Line 29
#^^^^^ storage.modifier.dart
#          ^ keyword.operator.assignment.dart
#            ^^^^ constant.language.dart
#                ^ punctuation.terminator.dart
>const on$ = null;                                                               // Line 30
#^^^^^ storage.modifier.dart
#          ^ keyword.operator.assignment.dart
#            ^^^^ constant.language.dart
#                ^ punctuation.terminator.dart
>const $catch = null;                                                            // Line 31
#^^^^^ storage.modifier.dart
#             ^ keyword.operator.assignment.dart
#               ^^^^ constant.language.dart
#                   ^ punctuation.terminator.dart
>const catch$ = null;                                                            // Line 32
#^^^^^ storage.modifier.dart
#             ^ keyword.operator.assignment.dart
#               ^^^^ constant.language.dart
#                   ^ punctuation.terminator.dart
>const $finally = null;                                                          // Line 33
#^^^^^ storage.modifier.dart
#               ^ keyword.operator.assignment.dart
#                 ^^^^ constant.language.dart
#                     ^ punctuation.terminator.dart
>const finally$ = null;                                                          // Line 34
#^^^^^ storage.modifier.dart
#               ^ keyword.operator.assignment.dart
#                 ^^^^ constant.language.dart
#                     ^ punctuation.terminator.dart
>const $throw = null;                                                            // Line 35
#^^^^^ storage.modifier.dart
#             ^ keyword.operator.assignment.dart
#               ^^^^ constant.language.dart
#                   ^ punctuation.terminator.dart
>const throw$ = null;                                                            // Line 36
#^^^^^ storage.modifier.dart
#             ^ keyword.operator.assignment.dart
#               ^^^^ constant.language.dart
#                   ^ punctuation.terminator.dart
>const $rethrow = null;                                                          // Line 37
#^^^^^ storage.modifier.dart
#               ^ keyword.operator.assignment.dart
#                 ^^^^ constant.language.dart
#                     ^ punctuation.terminator.dart
>const rethrow$ = null;                                                          // Line 38
#^^^^^ storage.modifier.dart
#               ^ keyword.operator.assignment.dart
#                 ^^^^ constant.language.dart
#                     ^ punctuation.terminator.dart
>const $break = null;                                                            // Line 39
#^^^^^ storage.modifier.dart
#             ^ keyword.operator.assignment.dart
#               ^^^^ constant.language.dart
#                   ^ punctuation.terminator.dart
>const break$ = null;                                                            // Line 40
#^^^^^ storage.modifier.dart
#             ^ keyword.operator.assignment.dart
#               ^^^^ constant.language.dart
#                   ^ punctuation.terminator.dart
>const $case = null;                                                             // Line 41
#^^^^^ storage.modifier.dart
#            ^ keyword.operator.assignment.dart
#              ^^^^ constant.language.dart
#                  ^ punctuation.terminator.dart
>const case$ = null;                                                             // Line 42
#^^^^^ storage.modifier.dart
#            ^ keyword.operator.assignment.dart
#              ^^^^ constant.language.dart
#                  ^ punctuation.terminator.dart
>const $continue = null;                                                         // Line 43
#^^^^^ storage.modifier.dart
#                ^ keyword.operator.assignment.dart
#                  ^^^^ constant.language.dart
#                      ^ punctuation.terminator.dart
>const continue$ = null;                                                         // Line 44
#^^^^^ storage.modifier.dart
#                ^ keyword.operator.assignment.dart
#                  ^^^^ constant.language.dart
#                      ^ punctuation.terminator.dart
>const $default = null;                                                          // Line 45
#^^^^^ storage.modifier.dart
#               ^ keyword.operator.assignment.dart
#                 ^^^^ constant.language.dart
#                     ^ punctuation.terminator.dart
>const default$ = null;                                                          // Line 46
#^^^^^ storage.modifier.dart
#               ^ keyword.operator.assignment.dart
#                 ^^^^ constant.language.dart
#                     ^ punctuation.terminator.dart
>const $do = null;                                                               // Line 47
#^^^^^ storage.modifier.dart
#          ^ keyword.operator.assignment.dart
#            ^^^^ constant.language.dart
#                ^ punctuation.terminator.dart
>const do$ = null;                                                               // Line 48
#^^^^^ storage.modifier.dart
#          ^ keyword.operator.assignment.dart
#            ^^^^ constant.language.dart
#                ^ punctuation.terminator.dart
>const $else = null;                                                             // Line 49
#^^^^^ storage.modifier.dart
#            ^ keyword.operator.assignment.dart
#              ^^^^ constant.language.dart
#                  ^ punctuation.terminator.dart
>const else$ = null;                                                             // Line 50
#^^^^^ storage.modifier.dart
#            ^ keyword.operator.assignment.dart
#              ^^^^ constant.language.dart
#                  ^ punctuation.terminator.dart
>const $for = null;                                                              // Line 51
#^^^^^ storage.modifier.dart
#           ^ keyword.operator.assignment.dart
#             ^^^^ constant.language.dart
#                 ^ punctuation.terminator.dart
>const for$ = null;                                                              // Line 52
#^^^^^ storage.modifier.dart
#           ^ keyword.operator.assignment.dart
#             ^^^^ constant.language.dart
#                 ^ punctuation.terminator.dart
>const $if = null;                                                               // Line 53
#^^^^^ storage.modifier.dart
#          ^ keyword.operator.assignment.dart
#            ^^^^ constant.language.dart
#                ^ punctuation.terminator.dart
>const if$ = null;                                                               // Line 54
#^^^^^ storage.modifier.dart
#          ^ keyword.operator.assignment.dart
#            ^^^^ constant.language.dart
#                ^ punctuation.terminator.dart
>const $in = null;                                                               // Line 55
#^^^^^ storage.modifier.dart
#          ^ keyword.operator.assignment.dart
#            ^^^^ constant.language.dart
#                ^ punctuation.terminator.dart
>const in$ = null;                                                               // Line 56
#^^^^^ storage.modifier.dart
#          ^ keyword.operator.assignment.dart
#            ^^^^ constant.language.dart
#                ^ punctuation.terminator.dart
>const $return = null;                                                           // Line 57
#^^^^^ storage.modifier.dart
#              ^ keyword.operator.assignment.dart
#                ^^^^ constant.language.dart
#                    ^ punctuation.terminator.dart
>const return$ = null;                                                           // Line 58
#^^^^^ storage.modifier.dart
#              ^ keyword.operator.assignment.dart
#                ^^^^ constant.language.dart
#                    ^ punctuation.terminator.dart
>const $switch = null;                                                           // Line 59
#^^^^^ storage.modifier.dart
#              ^ keyword.operator.assignment.dart
#                ^^^^ constant.language.dart
#                    ^ punctuation.terminator.dart
>const switch$ = null;                                                           // Line 60
#^^^^^ storage.modifier.dart
#              ^ keyword.operator.assignment.dart
#                ^^^^ constant.language.dart
#                    ^ punctuation.terminator.dart
>const $while = null;                                                            // Line 61
#^^^^^ storage.modifier.dart
#             ^ keyword.operator.assignment.dart
#               ^^^^ constant.language.dart
#                   ^ punctuation.terminator.dart
>const while$ = null;                                                            // Line 62
#^^^^^ storage.modifier.dart
#             ^ keyword.operator.assignment.dart
#               ^^^^ constant.language.dart
#                   ^ punctuation.terminator.dart
>const $sync = null;                                                             // Line 63
#^^^^^ storage.modifier.dart
#            ^ keyword.operator.assignment.dart
#              ^^^^ constant.language.dart
#                  ^ punctuation.terminator.dart
>const sync$ = null;                                                             // Line 64
#^^^^^ storage.modifier.dart
#            ^ keyword.operator.assignment.dart
#              ^^^^ constant.language.dart
#                  ^ punctuation.terminator.dart
>const $async = null;                                                            // Line 65
#^^^^^ storage.modifier.dart
#             ^ keyword.operator.assignment.dart
#               ^^^^ constant.language.dart
#                   ^ punctuation.terminator.dart
>const async$ = null;                                                            // Line 66
#^^^^^ storage.modifier.dart
#             ^ keyword.operator.assignment.dart
#               ^^^^ constant.language.dart
#                   ^ punctuation.terminator.dart
>const $await = null;                                                            // Line 67
#^^^^^ storage.modifier.dart
#             ^ keyword.operator.assignment.dart
#               ^^^^ constant.language.dart
#                   ^ punctuation.terminator.dart
>const await$ = null;                                                            // Line 68
#^^^^^ storage.modifier.dart
#             ^ keyword.operator.assignment.dart
#               ^^^^ constant.language.dart
#                   ^ punctuation.terminator.dart
>const $yield = null;                                                            // Line 69
#^^^^^ storage.modifier.dart
#             ^ keyword.operator.assignment.dart
#               ^^^^ constant.language.dart
#                   ^ punctuation.terminator.dart
>const yield$ = null;                                                            // Line 70
#^^^^^ storage.modifier.dart
#             ^ keyword.operator.assignment.dart
#               ^^^^ constant.language.dart
#                   ^ punctuation.terminator.dart
>const $assert = null;                                                           // Line 71
#^^^^^ storage.modifier.dart
#              ^ keyword.operator.assignment.dart
#                ^^^^ constant.language.dart
#                    ^ punctuation.terminator.dart
>const assert$ = null;                                                           // Line 72
#^^^^^ storage.modifier.dart
#              ^ keyword.operator.assignment.dart
#                ^^^^ constant.language.dart
#                    ^ punctuation.terminator.dart
>const $new = null;                                                              // Line 73
#^^^^^ storage.modifier.dart
#           ^ keyword.operator.assignment.dart
#             ^^^^ constant.language.dart
#                 ^ punctuation.terminator.dart
>const new$ = null;                                                              // Line 74
#^^^^^ storage.modifier.dart
#           ^ keyword.operator.assignment.dart
#             ^^^^ constant.language.dart
#                 ^ punctuation.terminator.dart
>const $abstract = null;                                                         // Line 75
#^^^^^ storage.modifier.dart
#                ^ keyword.operator.assignment.dart
#                  ^^^^ constant.language.dart
#                      ^ punctuation.terminator.dart
>const abstract$ = null;                                                         // Line 76
#^^^^^ storage.modifier.dart
#                ^ keyword.operator.assignment.dart
#                  ^^^^ constant.language.dart
#                      ^ punctuation.terminator.dart
>const $class = null;                                                            // Line 77
#^^^^^ storage.modifier.dart
#             ^ keyword.operator.assignment.dart
#               ^^^^ constant.language.dart
#                   ^ punctuation.terminator.dart
>const class$ = null;                                                            // Line 78
#^^^^^ storage.modifier.dart
#             ^ keyword.operator.assignment.dart
#               ^^^^ constant.language.dart
#                   ^ punctuation.terminator.dart
>const $enum = null;                                                             // Line 79
#^^^^^ storage.modifier.dart
#            ^ keyword.operator.assignment.dart
#              ^^^^ constant.language.dart
#                  ^ punctuation.terminator.dart
>const enum$ = null;                                                             // Line 80
#^^^^^ storage.modifier.dart
#            ^ keyword.operator.assignment.dart
#              ^^^^ constant.language.dart
#                  ^ punctuation.terminator.dart
>const $extends = null;                                                          // Line 81
#^^^^^ storage.modifier.dart
#               ^ keyword.operator.assignment.dart
#                 ^^^^ constant.language.dart
#                     ^ punctuation.terminator.dart
>const extends$ = null;                                                          // Line 82
#^^^^^ storage.modifier.dart
#               ^ keyword.operator.assignment.dart
#                 ^^^^ constant.language.dart
#                     ^ punctuation.terminator.dart
>const $extension = null;                                                        // Line 83
#^^^^^ storage.modifier.dart
#                 ^ keyword.operator.assignment.dart
#                   ^^^^ constant.language.dart
#                       ^ punctuation.terminator.dart
>const extension$ = null;                                                        // Line 84
#^^^^^ storage.modifier.dart
#                 ^ keyword.operator.assignment.dart
#                   ^^^^ constant.language.dart
#                       ^ punctuation.terminator.dart
>const $external = null;                                                         // Line 85
#^^^^^ storage.modifier.dart
#                ^ keyword.operator.assignment.dart
#                  ^^^^ constant.language.dart
#                      ^ punctuation.terminator.dart
>const external$ = null;                                                         // Line 86
#^^^^^ storage.modifier.dart
#                ^ keyword.operator.assignment.dart
#                  ^^^^ constant.language.dart
#                      ^ punctuation.terminator.dart
>const $factory = null;                                                          // Line 87
#^^^^^ storage.modifier.dart
#               ^ keyword.operator.assignment.dart
#                 ^^^^ constant.language.dart
#                     ^ punctuation.terminator.dart
>const factory$ = null;                                                          // Line 88
#^^^^^ storage.modifier.dart
#               ^ keyword.operator.assignment.dart
#                 ^^^^ constant.language.dart
#                     ^ punctuation.terminator.dart
>const $implements = null;                                                       // Line 89
#^^^^^ storage.modifier.dart
#                  ^ keyword.operator.assignment.dart
#                    ^^^^ constant.language.dart
#                        ^ punctuation.terminator.dart
>const implements$ = null;                                                       // Line 90
#^^^^^ storage.modifier.dart
#                  ^ keyword.operator.assignment.dart
#                    ^^^^ constant.language.dart
#                        ^ punctuation.terminator.dart
>const $get = null;                                                              // Line 91
#^^^^^ storage.modifier.dart
#           ^ keyword.operator.assignment.dart
#             ^^^^ constant.language.dart
#                 ^ punctuation.terminator.dart
>const get$ = null;                                                              // Line 92
#^^^^^ storage.modifier.dart
#           ^ keyword.operator.assignment.dart
#             ^^^^ constant.language.dart
#                 ^ punctuation.terminator.dart
>const $mixin = null;                                                            // Line 93
#^^^^^ storage.modifier.dart
#             ^ keyword.operator.assignment.dart
#               ^^^^ constant.language.dart
#                   ^ punctuation.terminator.dart
>const mixin$ = null;                                                            // Line 94
#^^^^^ storage.modifier.dart
#             ^ keyword.operator.assignment.dart
#               ^^^^ constant.language.dart
#                   ^ punctuation.terminator.dart
>const $native = null;                                                           // Line 95
#^^^^^ storage.modifier.dart
#              ^ keyword.operator.assignment.dart
#                ^^^^ constant.language.dart
#                    ^ punctuation.terminator.dart
>const native$ = null;                                                           // Line 96
#^^^^^ storage.modifier.dart
#              ^ keyword.operator.assignment.dart
#                ^^^^ constant.language.dart
#                    ^ punctuation.terminator.dart
>const $operator = null;                                                         // Line 97
#^^^^^ storage.modifier.dart
#                ^ keyword.operator.assignment.dart
#                  ^^^^ constant.language.dart
#                      ^ punctuation.terminator.dart
>const operator$ = null;                                                         // Line 98
#^^^^^ storage.modifier.dart
#                ^ keyword.operator.assignment.dart
#                  ^^^^ constant.language.dart
#                      ^ punctuation.terminator.dart
>const $set = null;                                                              // Line 99
#^^^^^ storage.modifier.dart
#           ^ keyword.operator.assignment.dart
#             ^^^^ constant.language.dart
#                 ^ punctuation.terminator.dart
>const set$ = null;                                                              // Line 100
#^^^^^ storage.modifier.dart
#           ^ keyword.operator.assignment.dart
#             ^^^^ constant.language.dart
#                 ^ punctuation.terminator.dart
>const $typedef = null;                                                          // Line 101
#^^^^^ storage.modifier.dart
#               ^ keyword.operator.assignment.dart
#                 ^^^^ constant.language.dart
#                     ^ punctuation.terminator.dart
>const typedef$ = null;                                                          // Line 102
#^^^^^ storage.modifier.dart
#               ^ keyword.operator.assignment.dart
#                 ^^^^ constant.language.dart
#                     ^ punctuation.terminator.dart
>const $with = null;                                                             // Line 103
#^^^^^ storage.modifier.dart
#            ^ keyword.operator.assignment.dart
#              ^^^^ constant.language.dart
#                  ^ punctuation.terminator.dart
>const with$ = null;                                                             // Line 104
#^^^^^ storage.modifier.dart
#            ^ keyword.operator.assignment.dart
#              ^^^^ constant.language.dart
#                  ^ punctuation.terminator.dart
>const $covariant = null;                                                        // Line 105
#^^^^^ storage.modifier.dart
#                 ^ keyword.operator.assignment.dart
#                   ^^^^ constant.language.dart
#                       ^ punctuation.terminator.dart
>const covariant$ = null;                                                        // Line 106
#^^^^^ storage.modifier.dart
#                 ^ keyword.operator.assignment.dart
#                   ^^^^ constant.language.dart
#                       ^ punctuation.terminator.dart
>const $static = null;                                                           // Line 107
#^^^^^ storage.modifier.dart
#              ^ keyword.operator.assignment.dart
#                ^^^^ constant.language.dart
#                    ^ punctuation.terminator.dart
>const static$ = null;                                                           // Line 108
#^^^^^ storage.modifier.dart
#              ^ keyword.operator.assignment.dart
#                ^^^^ constant.language.dart
#                    ^ punctuation.terminator.dart
>const $final = null;                                                            // Line 109
#^^^^^ storage.modifier.dart
#             ^ keyword.operator.assignment.dart
#               ^^^^ constant.language.dart
#                   ^ punctuation.terminator.dart
>const final$ = null;                                                            // Line 110
#^^^^^ storage.modifier.dart
#             ^ keyword.operator.assignment.dart
#               ^^^^ constant.language.dart
#                   ^ punctuation.terminator.dart
>const $const = null;                                                            // Line 111
#^^^^^ storage.modifier.dart
#             ^ keyword.operator.assignment.dart
#               ^^^^ constant.language.dart
#                   ^ punctuation.terminator.dart
>const const$ = null;                                                            // Line 112
#^^^^^ storage.modifier.dart
#             ^ keyword.operator.assignment.dart
#               ^^^^ constant.language.dart
#                   ^ punctuation.terminator.dart
>const $required = null;                                                         // Line 113
#^^^^^ storage.modifier.dart
#                ^ keyword.operator.assignment.dart
#                  ^^^^ constant.language.dart
#                      ^ punctuation.terminator.dart
>const required$ = null;                                                         // Line 114
#^^^^^ storage.modifier.dart
#                ^ keyword.operator.assignment.dart
#                  ^^^^ constant.language.dart
#                      ^ punctuation.terminator.dart
>const $late = null;                                                             // Line 115
#^^^^^ storage.modifier.dart
#            ^ keyword.operator.assignment.dart
#              ^^^^ constant.language.dart
#                  ^ punctuation.terminator.dart
>const late$ = null;                                                             // Line 116
#^^^^^ storage.modifier.dart
#            ^ keyword.operator.assignment.dart
#              ^^^^ constant.language.dart
#                  ^ punctuation.terminator.dart
>const $void = null;                                                             // Line 117
#^^^^^ storage.modifier.dart
#            ^ keyword.operator.assignment.dart
#              ^^^^ constant.language.dart
#                  ^ punctuation.terminator.dart
>const void$ = null;                                                             // Line 118
#^^^^^ storage.modifier.dart
#            ^ keyword.operator.assignment.dart
#              ^^^^ constant.language.dart
#                  ^ punctuation.terminator.dart
>const $var = null;                                                              // Line 119
#^^^^^ storage.modifier.dart
#           ^ keyword.operator.assignment.dart
#             ^^^^ constant.language.dart
#                 ^ punctuation.terminator.dart
>const var$ = null;                                                              // Line 120
#^^^^^ storage.modifier.dart
#           ^ keyword.operator.assignment.dart
#             ^^^^ constant.language.dart
#                 ^ punctuation.terminator.dart
>const $is = null;                                                               // Line 121
#^^^^^ storage.modifier.dart
#          ^ keyword.operator.assignment.dart
#            ^^^^ constant.language.dart
#                ^ punctuation.terminator.dart
>const is$ = null;                                                               // Line 122
#^^^^^ storage.modifier.dart
#          ^ keyword.operator.assignment.dart
#            ^^^^ constant.language.dart
#                ^ punctuation.terminator.dart
>const $sealed = null;                                                           // Line 123
#^^^^^ storage.modifier.dart
#              ^ keyword.operator.assignment.dart
#                ^^^^ constant.language.dart
#                    ^ punctuation.terminator.dart
>const sealed$ = null;                                                           // Line 124
#^^^^^ storage.modifier.dart
#              ^ keyword.operator.assignment.dart
#                ^^^^ constant.language.dart
#                    ^ punctuation.terminator.dart
>const $interface = null;                                                        // Line 125
#^^^^^ storage.modifier.dart
#                 ^ keyword.operator.assignment.dart
#                   ^^^^ constant.language.dart
#                       ^ punctuation.terminator.dart
>const interface$ = null;                                                        // Line 126
#^^^^^ storage.modifier.dart
#                 ^ keyword.operator.assignment.dart
#                   ^^^^ constant.language.dart
#                       ^ punctuation.terminator.dart
>const $base = null;                                                             // Line 127
#^^^^^ storage.modifier.dart
#            ^ keyword.operator.assignment.dart
#              ^^^^ constant.language.dart
#                  ^ punctuation.terminator.dart
>const base$ = null;                                                             // Line 128
#^^^^^ storage.modifier.dart
#            ^ keyword.operator.assignment.dart
#              ^^^^ constant.language.dart
#                  ^ punctuation.terminator.dart
